// Jest Snapshot v1, https://goo.gl/fbAQLP

exports[`<Item /> renders and matches the snapshot 1`] = `
<ItemStyles__Item>
  <img
    alt="Sweet Item"
    src="item.jpg"
  />
  <Title>
    <Link
      href={
        Object {
          "pathname": "/item",
          "query": Object {
            "id": "ABC124",
          },
        }
      }
    >
      <a>
        Sweet Item
      </a>
    </Link>
  </Title>
  <PriceTag>
    $40
  </PriceTag>
  <p />
  <div
    className="buttonList"
  >
    <Link
      href={
        Object {
          "pathname": "/update",
          "query": Object {
            "id": "ABC124",
          },
        }
      }
    >
      <a>
        Edit
      </a>
    </Link>
    <AddToCart
      id="ABC124"
    />
    <DeleteItem
      id="ABC124"
    >
      Delete Item
    </DeleteItem>
  </div>
</ItemStyles__Item>
`;
